* ******************************************************************************

* iCEcube Report

* Version:            2020.12.27943

* Build Date:         Dec  9 2020 17:31:51

* File Generated:     Dec 22 2023 20:30:45

* Purpose:            General info of design implementation

* Copyright (C) 2006-2010 by Lattice Semiconductor Corp. All rights reserved.

* ******************************************************************************

Synthesis/Placement Summary:
----------------------------
    Status:  Successful
    Runtime: 0 seconds

Device Info:
------------
    Device Family: iCE40
    Device:        iCE40HX1K
    Package:       TQ144

Design statistics:
------------------
    FFs:                  0
    LUTs:                 1
    RAMs:                 0
    IOBs:                 4
    GBs:                  0
    PLLs:                 0
    Warm Boots:           0

Logic Resource Utilization:
---------------------------
    Total Logic Cells: 1/1280
        Combinational Logic Cells: 1        out of   1280      0.078125%
        Sequential Logic Cells:    0        out of   1280      0%
        Logic Tiles:               1        out of   160       0.625%
    Registers: 
        Logic Registers:           0        out of   1280      0%
        IO Registers:              0        out of   560       0
    Block RAMs:                    0        out of   16        0%
    Warm Boots:                    0        out of   1         0%
    Pins:
        Input Pins:                3        out of   96        3.125%
        Output Pins:               1        out of   96        1.04167%
        InOut Pins:                0        out of   96        0%
    Global Buffers:                0        out of   8         0%
    PLLs:                          0        out of   1         0%

IO Bank Utilization:
--------------------
    Bank 3: 4        out of   24        16.6667%
    Bank 1: 0        out of   25        0%
    Bank 0: 0        out of   23        0%
    Bank 2: 0        out of   24        0%

Detailed I/O Info:
------------------
    Input Pins: 
    Pin Number  Direction  IO Standard  Pull Up  IO Bank  IO Function    Signal Name
    ----------  ---------  -----------  -------  -------  -----------    -----------
    26          Input      SB_LVCMOS    No       3        Simple Input   b  
    29          Input      SB_LVCMOS    No       3        Simple Input   c  
    32          Input      SB_LVCMOS    No       3        Simple Input   a  

    Output Pins: 
    Pin Number  Direction  IO Standard  Pull Up  IO Bank  IO Function    Signal Name
    ----------  ---------  -----------  -------  -------  -----------    -----------
    34          Output     SB_LVCMOS    No       3        Simple Output  f  



Router Summary:
---------------
    Status:  Successful
    Runtime: 5 seconds

Routing Resource Utilization:
-----------------------------
              Local line of tile       12 out of  28666      0.0418614%
                          Span 4        2 out of   6944      0.0288018%
      Vertical Inter-LUT Connect        0 out of   1120      0%

